<html>
<body>
<pre>
<h1>µVision Build Log</h1>
<h2>Tool Versions:</h2>
IDE-Version: •ÏVision V5.21.1.0
Copyright (C) 2016 ARM Ltd and ARM Germany GmbH. All rights reserved.
License Information: song youngwook, gwangwoon, LIC=----
 
Tool Versions:
Toolchain:       MDK-Lite  Version: 5.21a
Toolchain Path:  C:\Keil_v5\ARM\ARMCC\Bin
C Compiler:      Armcc.exe V5.06 update 3 (build 300)
Assembler:       Armasm.exe V5.06 update 3 (build 300)
Linker/Locator:  ArmLink.exe V5.06 update 3 (build 300)
Library Manager: ArmAr.exe V5.06 update 3 (build 300)
Hex Converter:   FromElf.exe V5.06 update 3 (build 300)
CPU DLL:         SARM.DLL V5.21a
Dialog DLL:      DARMP3.DLL 
<h2>Project:</h2>
D:\Desktop\assembly_pj\Matrix_convolution.uvproj
Project File Date:  11/23/2021

<h2>Output:</h2>
*** Using Compiler 'V5.06 update 3 (build 300)', folder: 'C:\Keil_v5\ARM\ARMCC\Bin'
Rebuild target 'Target 1'
assembling Matrix_convolution.s...
Matrix_convolution.s(490): warning: A1608W: MOV pc,<rn> instruction used, but BX <rn> is preferred
Matrix_convolution.s(580): warning: A1608W: MOV pc,<rn> instruction used, but BX <rn> is preferred
linking...
Program Size: Code=18128 RO-data=0 RW-data=0 ZI-data=0  
".\Objects\Matrix_convolution.axf" - 0 Error(s), 2 Warning(s).
Build Time Elapsed:  00:00:00
</pre>
</body>
</html>
